// Jest Snapshot v1, https://goo.gl/fbAQLP

exports[`AuthForm renders correctly 1`] = `
<div>
  <div
    class="sc-ifAKCX kIBOZW"
  >
    <div
      class="upper-wrapper"
    >
      <h2
        data-testid="title"
      >
        회원가입
      </h2>
      <section>
        <h4>
          이메일로 
          회원가입
        </h4>
        <form
          class="sc-bdVaJa izhlxF"
        >
          <input
            placeholder="이메일을 입력하세요."
            tabindex="2"
            value=""
          />
          <button
            tabindex="3"
          >
            회원가입
          </button>
        </form>
      </section>
      <section>
        <h4>
          소셜 계정으로 
          회원가입
        </h4>
        <div
          class="sc-htpNat jVlyIb"
        >
          <a
            class="sc-bwzfXH dOnywA"
            href="http://localhost:5000/api/v2/auth/social/redirect/github?next=/"
            style="background: rgb(39, 46, 51);"
            tabindex="4"
          >
            <svg>
              icon-github.svg
            </svg>
          </a>
          <a
            class="sc-bwzfXH fVlvjo"
            href="http://localhost:5000/api/v2/auth/social/redirect/google?next=/"
            style="background: ${themedPalette.bg_element1};"
            tabindex="5"
          >
            <svg>
              icon-google.svg
            </svg>
          </a>
          <a
            class="sc-bwzfXH dOnywA"
            href="http://localhost:5000/api/v2/auth/social/redirect/facebook?next=/"
            style="background: rgb(59, 89, 152);"
            tabindex="6"
          >
            <svg>
              icon-facebook.svg
            </svg>
          </a>
        </div>
      </section>
    </div>
    <div
      class="foot"
    >
      <span>
        계정이 이미 있으신가요?
      </span>
      <div
        class="link"
        data-testid="switchmode"
        tabindex="7"
      >
        로그인
      </div>
    </div>
  </div>
</div>
`;
