// Jest Snapshot v1, https://goo.gl/fbAQLP

exports[`MarkdownPreview matches snapshot 1`] = `
<div>
  <div
    class="sc-dkPtRN eZhwqe"
    id="preview"
  >
    <h1
      class="sc-hKwDye iDAhZs"
    />
    <div
      class="sc-bdvvtL gDGNcL"
    >
      <div
        class="sc-gsDKAQ chISOf atom-one"
      />
    </div>
  </div>
</div>
`;
