// Jest Snapshot v1, https://goo.gl/fbAQLP

exports[`MarkdownPreview matches snapshot 1`] = `
<div>
  <div
    class="sc-htpNat dTEJyc"
  >
    <h1
      class="sc-bxivhb cFXJHm"
    />
    <div
      class="sc-bdVaJa hURxoK"
    >
      <div
        class="atom-one-light sc-bwzfXH cEirwM"
      >
        

      </div>
    </div>
  </div>
</div>
`;
