// Jest Snapshot v1, https://goo.gl/fbAQLP

exports[`PublishActionButtons matches snapshot 1`] = `
<div>
  <div
    class="sc-gsDKAQ sYXuo"
  >
    <button
      class="sc-bdvvtL hCzGnn"
      color="transparent"
      data-testid="cancelPublish"
    >
      취소
    </button>
    <button
      class="sc-bdvvtL cJkIcC"
      color="teal"
      data-testid="publish"
    >
      출간하기
    </button>
  </div>
</div>
`;
