// Jest Snapshot v1, https://goo.gl/fbAQLP

exports[`RegisterTemplate matches snapshot 1`] = `
<div>
  <div
    class="sc-bdVaJa fEZEIK"
  >
    <h1>
      환영합니다!
    </h1>
    <div
      class="description"
    >
      기본 회원 정보를 등록해주세요.
    </div>
    <div
      class="contents"
    />
  </div>
</div>
`;
